INPUT algorithm=git-tracked-path-payload-sha256-v1 files=109 sha256=b7d65a212385f34b2a718de4eee3a480e1612d5e5cec1781b3681e89718439f0
PASS test_cache_memory_contract.CacheMemoryContractTest.test_negative_cases_are_retained
PASS test_candidate_manifest.CandidateManifestTest.test_archive_expands_explicit_perf20_matrix_for_reuse
PASS test_candidate_manifest.CandidateManifestTest.test_archive_only_accepts_explicit_matching_evidence
PASS test_candidate_manifest.CandidateManifestTest.test_hash_chain
PASS test_candidate_manifest.CandidateManifestTest.test_hash_chain_negative
PASS test_candidate_manifest.CandidateManifestTest.test_implementation_archive_classification
PASS test_candidate_manifest.CandidateManifestTest.test_only_passing_full_build_can_be_stable
PASS test_candidate_manifest.CandidateManifestTest.test_postroute_is_exploration_only
PASS test_candidate_manifest.CandidateManifestTest.test_utilization_parser
PASS test_candidate_manifest.CandidateManifestTest.test_zero_wns_is_not_a_stable_milestone
PASS test_core_interface.CoreInterfaceTest.test_generated_rtl_when_present
PASS test_core_interface.CoreInterfaceTest.test_negative_width_is_rejected
PASS test_core_interface.CoreInterfaceTest.test_public_contract
PASS test_custom_instruction_word.CustomInstructionWordTests.test_encodes_fields_and_little_endian_bytes
PASS test_custom_instruction_word.CustomInstructionWordTests.test_encodes_negative_fields_as_twos_complement
PASS test_custom_instruction_word.CustomInstructionWordTests.test_enforces_opcode_and_value_contracts
PASS test_custom_instruction_word.CustomInstructionWordTests.test_rejects_overlaps_fixed_conflicts_and_duplicate_names
PASS test_evidence_contract.EvidenceContractTest.test_all_not_run_uses_an_empty_hardware_evidence_object
PASS test_evidence_contract.EvidenceContractTest.test_clean_clone_log_accepts_only_generated_rtl_skip
PASS test_evidence_contract.EvidenceContractTest.test_clean_clone_log_rejects_an_unrelated_skip
PASS test_evidence_contract.EvidenceContractTest.test_clean_clone_preserves_existing_skips
PASS test_evidence_contract.EvidenceContractTest.test_current_hardware_stays_not_run_without_imported_raw_artifacts
PASS test_evidence_contract.EvidenceContractTest.test_local_evidence_writer_rejects_stale_python_input_identity
PASS test_evidence_contract.EvidenceContractTest.test_python_contract_log_rejects_duplicate_test_ids
PASS test_evidence_contract.EvidenceContractTest.test_python_contract_log_rejects_outcome_summary_mismatch
PASS test_evidence_contract.EvidenceContractTest.test_scala_report_rejects_declared_zero_failure_with_failure_node
PASS test_experiment_contract.ExperimentContractTest.test_backend_completion_and_changed_suite_are_mapped
PASS test_experiment_contract.ExperimentContractTest.test_cpu_source_hash_ignores_tests_but_tracks_generation_inputs
PASS test_experiment_contract.ExperimentContractTest.test_custom_instruction_impact_includes_focused_suites
PASS test_experiment_contract.ExperimentContractTest.test_execution_impact_is_package_based
PASS test_experiment_contract.ExperimentContractTest.test_impact_map_is_path_based
PASS test_experiment_contract.ExperimentContractTest.test_manifest_rejects_tampered_evidence
PASS test_experiment_contract.ExperimentContractTest.test_perf20_accepts_explicit_result_paths
PASS test_experiment_contract.ExperimentContractTest.test_perf20_exact_and_changed_comparison
PASS test_experiment_contract.ExperimentContractTest.test_perf20_rejects_bad_fixture_and_identity
PASS test_experiment_contract.ExperimentContractTest.test_perf20_rejects_result_path_escape
PASS test_experiment_contract.ExperimentContractTest.test_timing_classification
PASS test_experiment_contract.ExperimentContractTest.test_translation_impact_includes_owner_and_system_contracts
PASS test_experiment_contract.ExperimentContractTest.test_unknown_rtl_path_is_reported_unmatched
PASS test_generation_contract.GenerationContractTest.test_custom_profile_is_normalized_and_required
PASS test_generation_contract.GenerationContractTest.test_manifest_schema
PASS test_generation_contract.GenerationContractTest.test_missing_hash_is_rejected
PASS test_perf_observation_contract.PerfObservationContractTest.test_accepts_dut_reported_queue_full_counts
PASS test_perf_observation_contract.PerfObservationContractTest.test_accepts_existing_v1_evidence
PASS test_perf_observation_contract.PerfObservationContractTest.test_accepts_existing_v2_evidence
PASS test_perf_observation_contract.PerfObservationContractTest.test_accepts_existing_v3_evidence
PASS test_perf_observation_contract.PerfObservationContractTest.test_accepts_existing_v4_evidence
PASS test_perf_observation_contract.PerfObservationContractTest.test_accepts_existing_v5_evidence
PASS test_perf_observation_contract.PerfObservationContractTest.test_accepts_existing_v6_evidence
PASS test_perf_observation_contract.PerfObservationContractTest.test_accepts_full_run_without_counter_markers
PASS test_perf_observation_contract.PerfObservationContractTest.test_accepts_multiple_roi_request_sequences
PASS test_perf_observation_contract.PerfObservationContractTest.test_accepts_versioned_public_contract
PASS test_perf_observation_contract.PerfObservationContractTest.test_each_abi_word_has_one_local_owner
PASS test_perf_observation_contract.PerfObservationContractTest.test_monitor_detects_counter_reads_from_public_commit_instruction
PASS test_perf_observation_contract.PerfObservationContractTest.test_monitor_reads_only_dedicated_observation_words
PASS test_perf_observation_contract.PerfObservationContractTest.test_public_perf20_entry_forwards_instrumented_profile
PASS test_perf_observation_contract.PerfObservationContractTest.test_rejects_harness_queue_full_mismatch
PASS test_perf_observation_contract.PerfObservationContractTest.test_rejects_incomplete_counter_read_pair
PASS test_perf_observation_contract.PerfObservationContractTest.test_rejects_inconsistent_closed_pair_count
PASS test_perf_observation_contract.PerfObservationContractTest.test_rejects_nonconserving_head_reason
PASS test_perf_observation_contract.PerfObservationContractTest.test_rejects_nonconserving_incomplete_class
PASS test_perf_observation_contract.PerfObservationContractTest.test_rejects_nonconserving_occupancy
PASS test_perf_observation_contract.PerfObservationContractTest.test_rejects_wrong_abi_identity
PASS test_perf_observation_summary.PerfObservationSummaryTest.test_rejects_incomplete_perf20_matrix
PASS test_perf_observation_summary.PerfObservationSummaryTest.test_rejects_tampered_counter_artifact
PASS test_perf_observation_summary.PerfObservationSummaryTest.test_summarizes_existing_v6_matrix_without_v7_events
PASS test_perf_observation_summary.PerfObservationSummaryTest.test_summarizes_identity_bound_perf20_roi
PASS test_repository_contract.RepositoryContractTest.test_cpu_source_boundary
PASS test_repository_contract.RepositoryContractTest.test_documentation_entry_points_and_candidate_ledger
PASS test_repository_contract.RepositoryContractTest.test_runtime_repositories_are_explicit
PASS test_repository_contract.RepositoryContractTest.test_runtime_repositories_are_submodules
PASS test_sim_contract.SimulationContractTest.test_cache_identity_is_required
PASS test_sim_contract.SimulationContractTest.test_commit_endpoint_observer_accepts_every_lane_and_rejects_false_hits
PASS test_sim_contract.SimulationContractTest.test_failure_categories
PASS test_sim_contract.SimulationContractTest.test_linux_entry_uses_the_fixed_contract_window
PASS test_sim_contract.SimulationContractTest.test_linux_window_has_a_structured_end_reason
PASS test_sim_contract.SimulationContractTest.test_perf20_endpoint_uses_the_elf_symbol_without_lane_offset
PASS test_sim_contract.SimulationContractTest.test_result
PASS test_sim_contract.SimulationContractTest.test_result_negative
PASS test_toolchain_contract.ToolchainContractTest.test_container_uses_utf8_for_unicode_workspace_paths
PASS test_toolchain_contract.ToolchainContractTest.test_custom_profile_default_ignores_shell_environment
PASS test_toolchain_contract.ToolchainContractTest.test_lock_has_required_versions_without_user_paths
SUMMARY total=82 passed=82 failures=0 errors=0 skipped=0 expected_failures=0 unexpected_successes=0
RESULT PASS
